{'hello' : {'e': 1, 'o': 1}}
{'Python' : {'y': 1, 'o': 1}}
{'AEIOU' : {'A': 1, 'E': 1, 'I': 1, 'O': 1, 'U': 1}}
